// Jest Snapshot v1, https://goo.gl/fbAQLP

exports[`Questions queries #1 Should receive all questions 1`] = `
Array [
  Object {
    "__typename": "EmailQuestion",
    "_id": "5f592a850acb7820e81eb3ca",
    "date": "1599679109473",
    "email": "hello@123132132",
    "senderName": "world",
    "status": "PENDING",
    "text": "greate expiriance",
  },
  Object {
    "__typename": "EmailQuestion",
    "_id": "5f592b3d2efb2e44fcfb5d92",
    "date": "1599679293415",
    "email": "hello@123132132",
    "senderName": "Name is...",
    "status": "ANSWERED",
    "text": "greate expiriance",
  },
  Object {
    "__typename": "EmailQuestion",
    "_id": "5f59feb47969d94bd85f60df",
    "date": "1599733428926",
    "email": "helloFBI@fbi.com",
    "senderName": "FBI is looking for you",
    "status": "PENDING",
    "text": "You can run but you can\`t hide",
  },
  Object {
    "__typename": "EmailQuestion",
    "_id": "5f59fed97969d94bd85f60e0",
    "date": "1599733465806",
    "email": "helloFBI@fbi.com",
    "senderName": "FBI is looking for you",
    "status": "PENDING",
    "text": "You can run but you can\`t hide",
  },
  Object {
    "__typename": "EmailQuestion",
    "_id": "5f5a026d0a675e4228bebbcd",
    "date": "1599734381251",
    "email": "helloFBI@fbi.com",
    "senderName": "FBI is looking for you",
    "status": "PENDING",
    "text": "You can run but you can\`t hide. Ha-ha",
  },
  Object {
    "__typename": "EmailQuestion",
    "_id": "5f5a0370ad4e023f5498f462",
    "date": "1599734640899",
    "email": "helloFBI@fbi.com",
    "senderName": "FBI is looking for you",
    "status": "PENDING",
    "text": "You can run but you can\`t hide. Ha-ha",
  },
  Object {
    "__typename": "EmailQuestion",
    "_id": "5f5a038959b54a20bc221b29",
    "date": "1599734665358",
    "email": "helloFBI@fbi.com",
    "senderName": "FBI is looking for you",
    "status": "SPAM",
    "text": "You can run but you can\`t hide. Ha-ha",
  },
  Object {
    "__typename": "EmailQuestion",
    "_id": "5f60dd430716020830bd9a31",
    "date": "1600183619689",
    "email": "sgsgs@jshd.com",
    "senderName": "John",
    "status": "PENDING",
    "text": "hello",
  },
  Object {
    "__typename": "EmailQuestion",
    "_id": "5f6120f71020142d6080343d",
    "date": "1600200951098",
    "email": "sgsgs@jshd.com",
    "senderName": "Peter",
    "status": "PENDING",
    "text": "helloWorld",
  },
  Object {
    "__typename": "EmailQuestion",
    "_id": "5f6133c8e1ab4d128cf93ad9",
    "date": "1600205768099",
    "email": "vovasays@goodbye.com",
    "senderName": "Peter the Rabbit",
    "status": "PENDING",
    "text": "I like your aplication!!!",
  },
]
`;
