// Jest Snapshot v1, https://goo.gl/fbAQLP

exports[`querries should receive error 1`] = `
Object {
  "data": Object {
    "getNewsById": null,
  },
  "loading": false,
  "networkStatus": 7,
  "stale": false,
}
`;

exports[`querries should receive one news author, images 1`] = `
Object {
  "data": Object {
    "getNewsById": null,
  },
  "loading": false,
  "networkStatus": 7,
  "stale": false,
}
`;

exports[`querries should receive one news id,title 1`] = `
Object {
  "data": Object {
    "getNewsById": null,
  },
  "loading": false,
  "networkStatus": 7,
  "stale": false,
}
`;

exports[`querries should receive one news text, video, date 1`] = `
Object {
  "data": Object {
    "getNewsById": null,
  },
  "loading": false,
  "networkStatus": 7,
  "stale": false,
}
`;
